app/api/channels/[id]/route.ts(105,11): error TS2322: Type '{ id: any; channelId: any; senderId: string; senderName: string; content: any; mediaUrl: any; mediaType: any; isSystemMessage: any; isOwn: boolean; sentAt: string; }[]' is not assignable to type 'ChatMessage[]'.
  Type '{ id: any; channelId: any; senderId: string; senderName: string; content: any; mediaUrl: any; mediaType: any; isSystemMessage: any; isOwn: boolean; sentAt: string; }' is missing the following properties from type 'ChatMessage': isSeen, isDelivered
app/api/questions/[id]/accept/route.ts(97,54): error TS2345: Argument of type '{ id: any; channelId: any; senderId: string; senderName: string; content: string; isSystemMessage: true; isOwn: false; sentAt: string; }' is not assignable to parameter of type 'ChatMessage'.
  Type '{ id: any; channelId: any; senderId: string; senderName: string; content: string; isSystemMessage: true; isOwn: false; sentAt: string; }' is missing the following properties from type 'ChatMessage': isSeen, isDelivered
